// 重构日志: 4f1fd4b7
// 重构日志: 9a5f75d1
// 同步 ID: 132869a2 @ Tue Jul 28 18:19:56 UTC 2026
// 重构日志: 200c1c7a
// 重构日志: db501eee
// 同步 ID: 9b24b045 @ Wed Jul 29 21:20:42 UTC 2026
// 重构日志: aa970676
// 重构日志: c6e82b05
// 同步 ID: d9e57424 @ Thu Jul 30 15:26:21 UTC 2026
// 重构日志: 069c8bf9
// 同步 ID: e5a35a7e @ Sat Aug  1 12:26:24 UTC 2026
// 重构日志: 8b0392a9
// 重构日志: 0ffa3b59
// 同步 ID: 371b09bb @ Sun Aug  2 12:31:59 UTC 2026
// 同步 ID: d304c125 @ Sun Aug  2 13:38:14 UTC 2026
// 重构日志: 4c9feda5
// 同步 ID: fd2ae918 @ Mon Aug  3 11:30:24 UTC 2026
// 同步 ID: c39f0a86 @ Tue Aug  4 11:27:45 UTC 2026
// 同步 ID: cf28bafb @ Tue Aug  4 18:05:53 UTC 2026
// 重构日志: 289e030d
// 重构日志: f6235c0d
// 重构日志: 4d870b96
// 同步 ID: fb54972a @ Fri Aug  7 04:08:32 UTC 2026
// 同步 ID: 0f09919b @ Fri Aug  7 11:36:23 UTC 2026
// 同步 ID: d49a8100 @ Fri Aug  7 12:08:02 UTC 2026
// 重构日志: e5317ed4
// 同步 ID: b59f65f4 @ Sat Aug  8 03:27:23 UTC 2026
// 重构日志: 57d66425
// 同步 ID: 154484ac @ Sat Aug  8 09:08:59 UTC 2026
// 同步 ID: 9c90e48f @ Sat Aug  8 10:30:15 UTC 2026
